LCD Size: 480 x 272
LCD Manufacturer: Amulet
LCD Part Number: STK-CY-043
Touch Panel: STK-CY-043
Init File: Init None
SDRAM Part Number: IS42S32800D (256 MBit)
Size of SDRAM: 0x2000000
Size of Serial Data Flash: 0x400000
Serial Data Flash used by OS: 0x3f200
Minimum Serial Data Flash Sector: 0x80
Color Depth: 32

Page_1_preCache (GEM page)    Flash Index = 0x20
===============
      Object Name               Object Type            Flash Used (Remaining)    SDRAM Used (Remaining)
      -----------               -----------            ----------------------    ----------------------
      PAGE HEADER                                      0x48       (0x3c0db4)                                                               
      No Name                   Meta Object            0x3c       (0x3c0d78)     0x0        (0x1ecbb58)                                          
      No Name                   Cached Image Dir       0xc        (0x3c0d6c)     0x1c       (0x1ecbb3c)                                               
      No Name                   Cached Image           0xc        (0x3c0d60)     0x824      (0x1ecb318)                                            
      No Name                   Cached Image           0xc        (0x3c0d54)     0x824      (0x1ecaaf4)                                            
      No Name                   Cached Image           0xc        (0x3c0d48)     0x29524    (0x1ea15d0)                                              
      No Name                   Cached Image           0xc        (0x3c0d3c)     0x4954     (0x1e9cc7c)                                             
      No Name                   Cached Image           0xc        (0x3c0d30)     0x4954     (0x1e98328)                                             
      No Name                   Cached Image           0xc        (0x3c0d24)     0x4954     (0x1e939d4)                                             
      No Name                   Cached Font            0x0        (0x3c0d24)     0x99c      (0x1e93038)                                           
      No Name                   Cached Font            0x0        (0x3c0d24)     0x1154     (0x1e91ee4)                                            
      PAGE FOOTER                                      0x2        (0x3c0d22)                                                              
                                                       ----------------------    ----------------------
                                               Totals  0xda       (0x3c0d22)     0x39c74    (0x1e91ee4)                                


Page_1 (GEM page)    Flash Index = 0x21
======
      Object Name               Object Type            Flash Used (Remaining)    SDRAM Used (Remaining)
      -----------               -----------            ----------------------    ----------------------
      PAGE HEADER                                      0x40       (0x3c0cbc)                                                               
      MultiHref0                Multiple Functions     0x2c       (0x3c0c90)     0x0        (0x1e91ee4)                                                    
      CheckBox_1                Check Box              0x70       (0x3c0c20)     0x0        (0x1e91ee4)                                           
      Checker                   Check Box Master       0x1c       (0x3c0c04)     0x0        (0x1e91ee4)                                               
        IWC of Checker          IWC Object             0x24       (0x3c0be0)     0x0        (0x1e91ee4)                                                  
      Arduin_Uno_1              Image                  0x20       (0x3c0bc0)     0x0        (0x1e91ee4)                                         
      CheckBox_2                Check Box              0x70       (0x3c0b50)     0x1860     (0x1e90684)                                              
      Checkers                  Check Box Master       0x1c       (0x3c0b34)     0x0        (0x1e90684)                                                
        UART of Checkers        UART Object            0x24       (0x3c0b10)     0x0        (0x1e90684)                                                     
      PAGE FOOTER                                      0x2        (0x3c0b0e)                                                              
                                                       ----------------------    ----------------------
                                               Totals  0x1ee      (0x3c0b0e)     0x1860     (0x1e90684)                                


sm_blue_led.png (Image File)    Flash Index = 0x22
===============
                                                       Flash Used (Remaining)
                                                       ----------------------
                                                       0x71a      (0x3c03e6)                                               


off_led.png (Image File)    Flash Index = 0x23
===========
                                                       Flash Used (Remaining)
                                                       ----------------------
                                                       0x1e       (0x3c0362)                                              


Arduin_Uno_246x172.png (Image File)    Flash Index = 0x24
======================
                                                       Flash Used (Remaining)
                                                       ----------------------
                                                       0x2491e    (0x39b9e2)                                                 


btn_Toggle_1.png (Image File)    Flash Index = 0x25
================
                                                       Flash Used (Remaining)
                                                       ----------------------
                                                       0x2e0a     (0x398b76)                                                


btn_ToggleBlank_0.png (Image File)    Flash Index = 0x26
=====================
                                                       Flash Used (Remaining)
                                                       ----------------------
                                                       0x237a     (0x396786)                                                


btn_Toggle_0.png (Image File)    Flash Index = 0x27
================
                                                       Flash Used (Remaining)
                                                       ----------------------
                                                       0x2e0a     (0x393976)                                                


trackingimage.gif (Image File)    Flash Index = 0x28
=================
                                                       Flash Used (Remaining)
                                                       ----------------------
                                                       0x372      (0x39358e)                                               


fontHdr.auf (Font Header File)    Flash Index = 0xf
===========
                                                       Flash Used (Remaining)
                                                       ----------------------
                                                       0x32       (0x39354e)                                              


internalRAM.bin (InternalRAM File)    Flash Index = 0x6
===============
                                                       Flash Used (Remaining)
                                                       ----------------------
                                                       0x213c     (0x3913c4)                                                


lcdConfig.bin (LCD Configuration File)    Flash Index = 0x3
=============
                                                       Flash Used (Remaining)
                                                       ----------------------
                                                       0xba       (0x3912c6)                                              


